include/common/core_cm4.h:12:20:__DSB	4	static
include/common/core_cm4.h:16:20:__ISB	4	static
p8/dsrtos_context_switch.h:303:20:dsrtos_trigger_pendsv	4	static
p8/dsrtos_context_benchmark.c:139:13:benchmark_init_cycle_counter	8	static
p8/dsrtos_context_benchmark.c:161:24:benchmark_get_cycles	4	static
p8/dsrtos_context_benchmark.c:169:24:benchmark_elapsed_cycles	16	static
p8/dsrtos_context_benchmark.c:182:17:benchmark_compensate_overhead	16	static
p8/dsrtos_context_benchmark.c:197:13:benchmark_init_stats	16	static
p8/dsrtos_context_benchmark.c:214:13:benchmark_update_stats	72	static
p8/dsrtos_context_benchmark.c:240:17:benchmark_calc_std_dev	120	static
p8/dsrtos_context_benchmark.c:280:13:benchmark_quicksort	40	static
p8/dsrtos_context_benchmark.c:310:13:benchmark_calc_percentiles	32	static
p8/dsrtos_context_benchmark.c:340:13:benchmark_init_context	32	static
p8/dsrtos_context_benchmark.c:386:13:benchmark_dummy_task	32	static
p8/dsrtos_context_benchmark.c:415:13:benchmark_basic_context_switch	352	static
p8/dsrtos_context_benchmark.c:511:13:benchmark_fpu_context_switch	352	static
p8/dsrtos_context_benchmark.c:611:13:benchmark_mpu_context_switch	352	static
p8/dsrtos_context_benchmark.c:678:13:benchmark_full_context_switch	352	static
p8/dsrtos_context_benchmark.c:752:13:benchmark_stack_operations	224	static
p8/dsrtos_context_benchmark.c:853:13:benchmark_mpu_regions	336	static
p8/dsrtos_context_benchmark.c:940:13:benchmark_print_histogram	32	static
p8/dsrtos_context_benchmark.c:981:13:benchmark_generate_report	64	static
p8/dsrtos_context_benchmark.c:1059:13:benchmark_validate_results	16	static
p8/dsrtos_context_benchmark.c:1105:6:dsrtos_run_context_benchmarks	8	static
p8/dsrtos_context_benchmark.c:1141:36:dsrtos_get_benchmark_results	4	static
p8/dsrtos_context_benchmark.c:1149:17:dsrtos_run_specific_benchmark	16	static
