include/common/core_cm4.h:12:20:__DSB	4	static
include/common/core_cm4.h:16:20:__ISB	4	static
include/common/core_cm4.h:56:20:__disable_irq	4	static
include/phase2/dsrtos_critical.h:188:24:dsrtos_arch_disable_interrupts	16	static
include/phase2/dsrtos_critical.h:217:20:dsrtos_arch_restore_interrupts	16	static
include/phase2/dsrtos_critical.h:230:24:dsrtos_arch_get_interrupt_state	16	static
include/phase2/dsrtos_critical.h:245:20:dsrtos_arch_interrupts_disabled	8	static
src/phase2/dsrtos_critical.c:71:16:dsrtos_critical_init	16	static
src/phase2/dsrtos_critical.c:107:6:dsrtos_critical_enter	16	static
src/phase2/dsrtos_critical.c:151:6:dsrtos_critical_exit	16	static
src/phase2/dsrtos_critical.c:198:10:dsrtos_critical_enter_isr	16	static
src/phase2/dsrtos_critical.c:225:6:dsrtos_critical_exit_isr	16	static
src/phase2/dsrtos_critical.c:246:6:dsrtos_critical_is_active	16	static
src/phase2/dsrtos_critical.c:260:10:dsrtos_critical_get_nesting	4	static
src/phase2/dsrtos_critical.c:268:16:dsrtos_critical_get_stats	32	static
src/phase2/dsrtos_critical.c:288:16:dsrtos_critical_reset_stats	16	static
src/phase2/dsrtos_critical.c:309:16:dsrtos_critical_validate	16	static
src/phase2/dsrtos_critical.c:335:16:dsrtos_critical_set_timeout	24	static
src/phase2/dsrtos_critical.c:362:17:critical_get_timestamp	4	static
src/phase2/dsrtos_critical.c:380:13:critical_update_stats	16	static
src/phase2/dsrtos_critical.c:401:13:critical_panic_handler	16	static
