include/common/core_cm4.h:12:20:__DSB	4	static
include/common/core_cm4.h:24:20:__NOP	4	static
include/common/core_cm4.h:56:20:__disable_irq	4	static
include/common/core_cm4.h:248:20:NVIC_SetPriorityGrouping	24	static
include/common/core_cm4.h:260:20:NVIC_SetPriority	16	static
include/common/core_cm4.h:281:20:NVIC_SystemReset	8	static
src/phase2/dsrtos_kernel_init.c:120:16:dsrtos_kernel_init	24	static
src/phase2/dsrtos_kernel_init.c:194:16:dsrtos_kernel_start	16	static
src/phase2/dsrtos_kernel_init.c:243:16:dsrtos_kernel_shutdown	24	static
src/phase2/dsrtos_kernel_init.c:291:23:dsrtos_kernel_get_state	16	static
src/phase2/dsrtos_kernel_init.c:306:16:dsrtos_kernel_register_service	24	static
src/phase2/dsrtos_kernel_init.c:334:7:dsrtos_kernel_get_service	24	static
src/phase2/dsrtos_kernel_init.c:349:16:dsrtos_kernel_register_init	32	static
src/phase2/dsrtos_kernel_init.c:375:6:dsrtos_kernel_get_version	24	static
src/phase2/dsrtos_kernel_init.c:398:6:dsrtos_kernel_get_stats	24	static
src/phase2/dsrtos_kernel_init.c:422:16:dsrtos_kernel_validate_config	24	static
src/phase2/dsrtos_kernel_init.c:460:16:dsrtos_kernel_self_test	40	static
src/phase2/dsrtos_kernel_init.c:516:18:dsrtos_kernel_get_kcb	4	static
src/phase2/dsrtos_kernel_init.c:528:17:kernel_calculate_checksum	32	static
src/phase2/dsrtos_kernel_init.c:544:23:kernel_init_phase_hardware	16	static
src/phase2/dsrtos_kernel_init.c:569:23:kernel_init_phase_memory	24	static
src/phase2/dsrtos_kernel_init.c:590:23:kernel_init_phase_interrupts	16	static
src/phase2/dsrtos_kernel_init.c:610:23:kernel_init_phase_scheduler	16	static
src/phase2/dsrtos_kernel_init.c:623:23:kernel_init_phase_services	16	static
src/phase2/dsrtos_kernel_init.c:636:23:kernel_init_phase_drivers	16	static
src/phase2/dsrtos_kernel_init.c:649:23:kernel_init_phase_application	16	static
src/phase2/dsrtos_kernel_init.c:662:23:kernel_execute_init_phase	24	static
src/phase2/dsrtos_kernel_init.c:729:13:kernel_set_state	24	static
src/phase2/dsrtos_kernel_init.c:791:13:kernel_verify_integrity	16	static
src/phase2/dsrtos_kernel_init.c:825:13:kernel_update_checksum	8	static
