include/common/core_cm4.h:12:20:__DSB	4	static
include/common/core_cm4.h:24:20:__NOP	4	static
include/common/core_cm4.h:28:24:__get_MSP	16	static
include/common/core_cm4.h:38:24:__get_PSP	16	static
include/common/core_cm4.h:56:20:__disable_irq	4	static
include/common/core_cm4.h:281:20:NVIC_SystemReset	8	static
src/phase2/dsrtos_panic.c:45:20:__WFI	4	static
src/phase2/dsrtos_panic.c:86:16:dsrtos_panic_init	32	static
src/phase2/dsrtos_panic.c:136:6:dsrtos_panic	40	static
src/phase2/dsrtos_panic.c:186:24:dsrtos_panic_register_handler	24	static
src/phase2/dsrtos_panic.c:196:16:dsrtos_panic_get_last	24	static
src/phase2/dsrtos_panic.c:216:16:dsrtos_panic_clear_history	16	static
src/phase2/dsrtos_panic.c:235:10:dsrtos_panic_get_count	4	static
src/phase2/dsrtos_panic.c:243:6:dsrtos_panic_dump	16	static
src/phase2/dsrtos_panic.c:253:16:dsrtos_panic_save	24	static
src/phase2/dsrtos_panic.c:274:16:dsrtos_panic_load	24	static
src/phase2/dsrtos_panic.c:299:6:HardFault_Handler	0	static
src/phase2/dsrtos_panic.c:313:6:hard_fault_handler_c	16	static
src/phase2/dsrtos_panic.c:332:6:MemManage_Handler	0	static
src/phase2/dsrtos_panic.c:340:6:BusFault_Handler	0	static
src/phase2/dsrtos_panic.c:348:6:UsageFault_Handler	0	static
src/phase2/dsrtos_panic.c:360:13:panic_capture_context	24	static
src/phase2/dsrtos_panic.c:386:13:panic_capture_cpu_state	16	static
src/phase2/dsrtos_panic.c:412:13:panic_capture_fault_status	16	static
src/phase2/dsrtos_panic.c:425:13:panic_capture_system_state	24	static
src/phase2/dsrtos_panic.c:443:13:panic_default_handler	16	static
src/phase2/dsrtos_panic.c:459:13:panic_print_context	64	static
src/phase2/dsrtos_panic.c:489:13:panic_system_reset	8	static
src/phase2/dsrtos_panic.c:506:20:panic_get_reason_string	16	static
