include/common/core_cm4.h:12:20:__DSB	4	static
include/common/core_cm4.h:24:20:__NOP	4	static
include/common/core_cm4.h:56:20:__disable_irq	4	static
include/common/core_cm4.h:248:20:NVIC_SetPriorityGrouping	24	static
include/common/core_cm4.h:281:20:NVIC_SystemReset	8	static
src/phase1/dsrtos_boot.c:196:24:detect_reset_cause	16	static
src/phase1/dsrtos_boot.c:234:24:perform_early_hardware_init	8	static
src/phase1/dsrtos_boot.c:264:24:validate_boot_system	32	static
src/phase1/dsrtos_boot.c:308:24:execute_boot_stage	40	static
src/phase1/dsrtos_boot.c:353:13:update_boot_statistics	16	static
src/phase1/dsrtos_boot.c:371:17:get_boot_time_ms	8	static
src/phase1/dsrtos_boot.c:391:17:dsrtos_boot_init	24	static
src/phase1/dsrtos_boot.c:464:17:dsrtos_boot_get_info	32	static
src/phase1/dsrtos_boot.c:505:6:dsrtos_boot_is_successful	16	static
src/phase1/dsrtos_boot.c:522:13:dsrtos_boot_get_stage_name	24	static
src/phase1/dsrtos_boot.c:537:6:dsrtos_boot_system_reset	24	static
