include/common/core_cm4.h:52:20:__enable_irq	4	static
include/common/core_cm4.h:56:20:__disable_irq	4	static
include/common/core_cm4.h:60:24:__get_PRIMASK	16	static
phase4/src/dsrtos_context_switch.c:114:16:dsrtos_context_switch_init	4	static
phase4/src/dsrtos_context_switch.c:169:6:dsrtos_context_switch	24	static
phase4/src/dsrtos_context_switch.c:229:6:dsrtos_context_switch_from_isr	8	static
phase4/src/dsrtos_context_switch.c:249:7:dsrtos_context_save	24	static
phase4/src/dsrtos_context_switch.c:287:7:dsrtos_context_restore	24	static
phase4/src/dsrtos_context_switch.c:332:6:dsrtos_switch_context_handler	32	static
phase4/src/dsrtos_context_switch.c:447:16:dsrtos_context_get_stats	24	static
phase4/src/dsrtos_context_switch.c:464:16:dsrtos_context_reset_stats	8	static
phase4/src/dsrtos_context_switch.c:487:13:context_save_cpu_state	16	static
phase4/src/dsrtos_context_switch.c:506:13:context_restore_cpu_state	24	static
phase4/src/dsrtos_context_switch.c:526:13:context_validate_stack	32	static
phase4/src/dsrtos_context_switch.c:567:13:context_switch_error_handler	16	static
phase4/src/dsrtos_context_switch.c:603:13:context_update_statistics	72	static
phase4/src/dsrtos_context_switch.c:631:17:context_measure_cycles	4	static
phase4/src/dsrtos_context_switch.c:643:16:dsrtos_context_init_task	40	static
phase4/src/dsrtos_context_switch.c:718:6:dsrtos_context_dump	16	static
phase4/src/dsrtos_context_switch.c:749:17:dsrtos_context_get_state	4	static
phase4/src/dsrtos_context_switch.c:757:6:dsrtos_context_in_switch	4	static
