src/main.c:335:5:main	16	static
src/main.c:405:24:application_initialize	16	static
src/main.c:456:24:initialize_phase1_systems	16	static
src/main.c:490:24:initialize_phase2_systems	16	static
src/main.c:520:24:execute_system_self_test	16	static
src/main.c:553:24:create_application_tasks	32	static
src/main.c:601:13:application_main_loop	16	static
src/main.c:657:31:perform_health_monitoring	32	static
src/main.c:702:24:handle_system_error	24	static
src/main.c:786:13:execute_system_shutdown	16	static
src/main.c:827:13:system_monitor_task	24	static
src/main.c:850:13:watchdog_service_task	16	static
src/main.c:868:13:error_recovery_task	16	static
src/main.c:892:13:update_control_checksum	8	static
src/main.c:902:13:validate_control_integrity	16	static
src/main.c:922:17:calculate_crc32	32	static
src/main.c:952:17:dsrtos_debug_init	4	static
src/main.c:953:17:dsrtos_memory_self_test	4	static
src/main.c:954:17:dsrtos_clock_validate	4	static
src/main.c:955:17:dsrtos_scheduler_validate	4	static
src/main.c:958:17:dsrtos_scheduler_init	4	static
src/main.c:959:17:dsrtos_task_create	24	static
