src/phase2/startup_stm32f407xx.c:21:28:NMI_Handler	8	static
src/phase2/startup_stm32f407xx.c:22:28:HardFault_Handler	8	static
src/phase2/startup_stm32f407xx.c:23:28:MemManage_Handler	8	static
src/phase2/startup_stm32f407xx.c:24:28:BusFault_Handler	8	static
src/phase2/startup_stm32f407xx.c:25:28:UsageFault_Handler	8	static
src/phase2/startup_stm32f407xx.c:26:28:SVC_Handler	8	static
src/phase2/startup_stm32f407xx.c:27:28:DebugMon_Handler	8	static
src/phase2/startup_stm32f407xx.c:28:28:PendSV_Handler	8	static
src/phase2/startup_stm32f407xx.c:29:28:SysTick_Handler	8	static
src/phase2/startup_stm32f407xx.c:49:6:Reset_Handler	16	static
src/phase2/startup_stm32f407xx.c:72:6:Default_Handler	4	static
