phase4/src/dsrtos_queue_integrity.c:46:16:dsrtos_queue_integrity_init	8	static
phase4/src/dsrtos_queue_integrity.c:60:27:dsrtos_queue_check_integrity	40	static
phase4/src/dsrtos_queue_integrity.c:168:16:dsrtos_queue_repair_integrity	24	static
phase4/src/dsrtos_queue_integrity.c:263:16:dsrtos_queue_get_integrity_report	24	static
phase4/src/dsrtos_queue_integrity.c:280:10:dsrtos_queue_calculate_checksum	32	static
phase4/src/dsrtos_queue_integrity.c:304:6:dsrtos_node_validate	32	static
phase4/src/dsrtos_queue_integrity.c:345:6:dsrtos_queue_detect_cycle	24	static
phase4/src/dsrtos_queue_integrity.c:374:16:dsrtos_queue_verify_consistency	24	static
phase4/src/dsrtos_queue_integrity.c:394:6:dsrtos_queue_integrity_periodic_check	24	static
phase4/src/dsrtos_queue_integrity.c:460:23:repair_list	32	static
phase4/src/dsrtos_queue_integrity.c:508:23:rebuild_queue	24	static
